
> q-portfolio@0.1.0 build
> next build

▲ Next.js 16.3.3 (Turbopack)
(node:20794) Warning: The 'NO_COLOR' env is ignored due to the 'FORCE_COLOR' env being set.
(Use `node --trace-warnings ...` to show where the warning was created)
✓ Running next.config.ts took 185ms

  Creating an optimized production build ...
(node:20794) Warning: The 'NO_COLOR' env is ignored due to the 'FORCE_COLOR' env being set.
(Use `node --trace-warnings ...` to show where the warning was created)
✓ Compiled successfully in 2.5s
  Running TypeScript ...
  Finished TypeScript in 4.5s ...
  Collecting page data using 3 workers ...
(node:20800) Warning: The 'NO_COLOR' env is ignored due to the 'FORCE_COLOR' env being set.
(Use `node --trace-warnings ...` to show where the warning was created)
(node:20801) Warning: The 'NO_COLOR' env is ignored due to the 'FORCE_COLOR' env being set.
(Use `node --trace-warnings ...` to show where the warning was created)
(node:20802) Warning: The 'NO_COLOR' env is ignored due to the 'FORCE_COLOR' env being set.
(Use `node --trace-warnings ...` to show where the warning was created)
  Generating static pages using 3 workers (0/21) ...
  Generating static pages using 3 workers (5/21)
  Generating static pages using 3 workers (10/21)
  Generating static pages using 3 workers (15/21)
✓ Generating static pages using 3 workers (21/21) in 761ms
  Finalizing page optimization ...

Route (app)
┌ ○ /
├ ○ /_not-found
├ ○ /about
├ ○ /archive
├ ○ /contact
├ ○ /icon.svg
├ ○ /lab
├ ○ /method
├ ○ /robots.txt
├ ○ /services
├ ○ /sitemap.xml
├ ○ /work
└   /work/[slug]
  ├ ● /work/ecommerce-sales-pipeline
  ├ ● /work/shopee-thailand-analytics
  ├ ● /work/finance-etl-pipeline
  └ ● [+4 more paths]


○  (Static)  prerendered as static content
●  (SSG)     prerendered as static HTML (uses generateStaticParams)

